
Allocating common symbols
Common symbol       size              file

thread_ready_list   0x10              obj/thread.o
thread_all_list     0x10              obj/thread.o
user_pool           0x10              obj/memory.o
intr_name           0x84              obj/interrupt.o
main_thread         0x4               obj/thread.o
ticks               0x4               obj/timer.o
kernel_vaddr        0xc               obj/memory.o
idt_table           0x84              obj/interrupt.o
kernel_pool         0x10              obj/memory.o

Discarded input sections

 .note.GNU-stack
                0x0000000000000000        0x0 obj/main.o
 .note.GNU-stack
                0x0000000000000000        0x0 obj/init.o
 .note.GNU-stack
                0x0000000000000000        0x0 obj/bitmap.o
 .note.GNU-stack
                0x0000000000000000        0x0 obj/string.o
 .note.GNU-stack
                0x0000000000000000        0x0 obj/interrupt.o
 .note.GNU-stack
                0x0000000000000000        0x0 obj/timer.o
 .note.GNU-stack
                0x0000000000000000        0x0 obj/list.o
 .note.GNU-stack
                0x0000000000000000        0x0 obj/memory.o
 .note.GNU-stack
                0x0000000000000000        0x0 obj/thread.o
 .note.GNU-stack
                0x0000000000000000        0x0 obj/debug.o

Memory Configuration

Name             Origin             Length             Attributes
*default*        0x0000000000000000 0xffffffffffffffff

Linker script and memory map

Address of section .text set to 0xc0001500
LOAD obj/main.o
LOAD obj/print.o
LOAD obj/init.o
LOAD obj/bitmap.o
LOAD obj/string.o
LOAD obj/interrupt.o
LOAD obj/timer.o
LOAD obj/kernel.o
LOAD obj/list.o
LOAD obj/switch.o
LOAD obj/memory.o
LOAD obj/thread.o
LOAD obj/debug.o
                [!provide]                        PROVIDE (__executable_start, 0x8048000)
                0x0000000008048094                . = (0x8048000 + SIZEOF_HEADERS)

.interp
 *(.interp)

.note.gnu.build-id
 *(.note.gnu.build-id)

.hash
 *(.hash)

.gnu.hash
 *(.gnu.hash)

.dynsym
 *(.dynsym)

.dynstr
 *(.dynstr)

.gnu.version
 *(.gnu.version)

.gnu.version_d
 *(.gnu.version_d)

.gnu.version_r
 *(.gnu.version_r)

.rel.dyn        0x0000000008048094        0x0
 *(.rel.init)
 *(.rel.text .rel.text.* .rel.gnu.linkonce.t.*)
 .rel.text      0x0000000008048094        0x0 obj/main.o
 *(.rel.fini)
 *(.rel.rodata .rel.rodata.* .rel.gnu.linkonce.r.*)
 *(.rel.data.rel.ro .rel.data.rel.ro.* .rel.gnu.linkonce.d.rel.ro.*)
 *(.rel.data .rel.data.* .rel.gnu.linkonce.d.*)
 *(.rel.tdata .rel.tdata.* .rel.gnu.linkonce.td.*)
 *(.rel.tbss .rel.tbss.* .rel.gnu.linkonce.tb.*)
 *(.rel.ctors)
 *(.rel.dtors)
 *(.rel.got)
 *(.rel.bss .rel.bss.* .rel.gnu.linkonce.b.*)
 *(.rel.ifunc)

.rel.plt        0x0000000008048094        0x0
 *(.rel.plt)
                [!provide]                        PROVIDE (__rel_iplt_start, .)
 *(.rel.iplt)
                [!provide]                        PROVIDE (__rel_iplt_end, .)

.init
 *(SORT(.init))

.plt
 *(.plt)
 *(.iplt)

.plt.got
 *(.plt.got)

.text           0x00000000c0001500     0x1d44
 *(.text.unlikely .text.*_unlikely .text.unlikely.*)
 *(.text.exit .text.exit.*)
 *(.text.startup .text.startup.*)
 *(.text.hot .text.hot.*)
 *(.text .stub .text.* .gnu.linkonce.t.*)
 .text          0x00000000c0001500       0xac obj/main.o
                0x00000000c0001500                main
                0x00000000c000157a                k_thread_a
                0x00000000c0001593                k_thread_b
 *fill*         0x00000000c00015ac        0x4 
 .text          0x00000000c00015b0      0x14e obj/print.o
                0x00000000c00015b0                put_str
                0x00000000c00015ce                put_char
                0x00000000c000167d                set_cursor
                0x00000000c000169b                put_int
 .text          0x00000000c00016fe       0x23 obj/init.o
                0x00000000c00016fe                init_all
 .text          0x00000000c0001721      0x279 obj/bitmap.o
                0x00000000c0001721                bitmap_init
                0x00000000c0001748                bitmap_scan_test
                0x00000000c00017ab                bitmap_scan
                0x00000000c00018e7                bitmap_set
 .text          0x00000000c000199a      0x3f9 obj/string.o
                0x00000000c000199a                memset
                0x00000000c00019ee                memcpy
                0x00000000c0001a52                memcmp
                0x00000000c0001ada                strcpy
                0x00000000c0001b34                strlen
                0x00000000c0001b82                strcmp
                0x00000000c0001c01                strchr
                0x00000000c0001c5e                strrchr
                0x00000000c0001cbf                strcat
                0x00000000c0001d2e                strchrs
 .text          0x00000000c0001d93      0x449 obj/interrupt.o
                0x00000000c00020d1                idt_init
                0x00000000c0002133                intr_enable
                0x00000000c000215c                intr_disable
                0x00000000c0002185                register_handler
                0x00000000c00021a1                intr_set_status
                0x00000000c00021bf                intr_get_status
 .text          0x00000000c00021dc      0x188 obj/timer.o
                0x00000000c0002304                timer_init
 *fill*         0x00000000c0002364        0xc 
 .text          0x00000000c0002370      0x393 obj/kernel.o
                0x00000000c0002370                intr_exit
 .text          0x00000000c0002703      0x186 obj/list.o
                0x00000000c0002703                list_init
                0x00000000c0002730                list_insert_before
                0x00000000c0002771                list_push
                0x00000000c000278e                list_append
                0x00000000c00027ab                list_remove
                0x00000000c00027e1                list_pop
                0x00000000c0002800                list_empty
                0x00000000c0002819                list_len
                0x00000000c000284e                elem_find
 *fill*         0x00000000c0002889        0x7 
 .text          0x00000000c0002890       0x15 obj/switch.o
                0x00000000c0002890                switch_to
 .text          0x00000000c00028a5      0x50c obj/memory.o
                0x00000000c0002a47                mem_init
                0x00000000c0002b06                pte_ptr
                0x00000000c0002b36                pde_ptr
                0x00000000c0002cab                malloc_page
                0x00000000c0002d6d                get_kernel_pages
 .text          0x00000000c0002db1      0x3ee obj/thread.o
                0x00000000c0002db1                running_thread
                0x00000000c0002dde                thread_create
                0x00000000c0002e54                init_thread
                0x00000000c0002eef                thread_start
                0x00000000c0003052                schedule
                0x00000000c0003162                thread_init
 .text          0x00000000c000319f       0xa5 obj/debug.o
                0x00000000c000319f                panic_spin
 *(.gnu.warning)

.fini
 *(SORT(.fini))
                [!provide]                        PROVIDE (__etext, .)
                [!provide]                        PROVIDE (_etext, .)
                [!provide]                        PROVIDE (etext, .)

.rodata         0x00000000c0003244      0x568
 *(.rodata .rodata.* .gnu.linkonce.r.*)
 .rodata        0x00000000c0003244       0x2a obj/main.o
 .rodata        0x00000000c000326e        0xa obj/init.o
 .rodata        0x00000000c0003278       0x38 obj/bitmap.o
 .rodata        0x00000000c00032b0       0x57 obj/string.o
 *fill*         0x00000000c0003307        0x1 
 .rodata        0x00000000c0003308      0x2d3 obj/interrupt.o
 .rodata        0x00000000c00035db       0x48 obj/timer.o
 .rodata        0x00000000c0003623       0xe9 obj/memory.o
 .rodata        0x00000000c000370c       0x63 obj/thread.o
 .rodata        0x00000000c000376f       0x3d obj/debug.o

.rodata1
 *(.rodata1)

.eh_frame_hdr
 *(.eh_frame_hdr)
 *(.eh_frame_entry .eh_frame_entry.*)

.eh_frame       0x00000000c00037ac      0x7c8
 *(.eh_frame)
 .eh_frame      0x00000000c00037ac       0x6c obj/main.o
 .eh_frame      0x00000000c0003818       0x20 obj/init.o
                                         0x38 (size before relaxing)
 .eh_frame      0x00000000c0003838       0x8c obj/bitmap.o
                                         0xa4 (size before relaxing)
 .eh_frame      0x00000000c00038c4      0x140 obj/string.o
                                        0x158 (size before relaxing)
 .eh_frame      0x00000000c0003a04      0x188 obj/interrupt.o
                                        0x1a0 (size before relaxing)
 .eh_frame      0x00000000c0003b8c       0x8c obj/timer.o
                                         0xa4 (size before relaxing)
 .eh_frame      0x00000000c0003c18      0x120 obj/list.o
                                        0x138 (size before relaxing)
 .eh_frame      0x00000000c0003d38      0x120 obj/memory.o
                                        0x138 (size before relaxing)
 .eh_frame      0x00000000c0003e58      0x100 obj/thread.o
                                        0x118 (size before relaxing)
 .eh_frame      0x00000000c0003f58       0x1c obj/debug.o
                                         0x34 (size before relaxing)
 *(.eh_frame.*)

.gcc_except_table
 *(.gcc_except_table .gcc_except_table.*)

.gnu_extab
 *(.gnu_extab*)

.exception_ranges
 *(.exception_ranges .exception_ranges*)
                0x00000000c0005000                . = DATA_SEGMENT_ALIGN (0x1000, 0x1000)

.eh_frame
 *(.eh_frame)
 *(.eh_frame.*)

.gnu_extab
 *(.gnu_extab)

.gcc_except_table
 *(.gcc_except_table .gcc_except_table.*)

.exception_ranges
 *(.exception_ranges .exception_ranges*)

.tdata
 *(.tdata .tdata.* .gnu.linkonce.td.*)

.tbss
 *(.tbss .tbss.* .gnu.linkonce.tb.*)
 *(.tcommon)

.preinit_array  0x00000000c0005000        0x0
                [!provide]                        PROVIDE (__preinit_array_start, .)
 *(.preinit_array)
                [!provide]                        PROVIDE (__preinit_array_end, .)

.init_array     0x00000000c0005000        0x0
                [!provide]                        PROVIDE (__init_array_start, .)
 *(SORT(.init_array.*) SORT(.ctors.*))
 *(.init_array EXCLUDE_FILE(*crtend?.o *crtend.o *crtbegin?.o *crtbegin.o) .ctors)
                [!provide]                        PROVIDE (__init_array_end, .)

.fini_array     0x00000000c0005000        0x0
                [!provide]                        PROVIDE (__fini_array_start, .)
 *(SORT(.fini_array.*) SORT(.dtors.*))
 *(.fini_array EXCLUDE_FILE(*crtend?.o *crtend.o *crtbegin?.o *crtbegin.o) .dtors)
                [!provide]                        PROVIDE (__fini_array_end, .)

.ctors
 *crtbegin.o(.ctors)
 *crtbegin?.o(.ctors)
 *(EXCLUDE_FILE(*crtend?.o *crtend.o) .ctors)
 *(SORT(.ctors.*))
 *(.ctors)

.dtors
 *crtbegin.o(.dtors)
 *crtbegin?.o(.dtors)
 *(EXCLUDE_FILE(*crtend?.o *crtend.o) .dtors)
 *(SORT(.dtors.*))
 *(.dtors)

.jcr
 *(.jcr)

.data.rel.ro
 *(.data.rel.ro.local* .gnu.linkonce.d.rel.ro.local.*)
 *(.data.rel.ro .data.rel.ro.* .gnu.linkonce.d.rel.ro.*)

.dynamic
 *(.dynamic)

.got
 *(.got)
 *(.igot)
                0x00000000c0005000                . = DATA_SEGMENT_RELRO_END (., (SIZEOF (.got.plt) >= 0xc)?0xc:0x0)

.got.plt        0x00000000c0005000        0x0
 *(.got.plt)
 *(.igot.plt)

.data           0x00000000c0005000       0x8c
 *(.data .data.* .gnu.linkonce.d.*)
 .data          0x00000000c0005000        0x0 obj/main.o
 .data          0x00000000c0005000        0x8 obj/print.o
 .data          0x00000000c0005008        0x0 obj/init.o
 .data          0x00000000c0005008        0x0 obj/bitmap.o
 .data          0x00000000c0005008        0x0 obj/string.o
 .data          0x00000000c0005008        0x0 obj/interrupt.o
 .data          0x00000000c0005008        0x0 obj/timer.o
 .data          0x00000000c0005008       0x84 obj/kernel.o
                0x00000000c0005008                intr_entry_table
 .data          0x00000000c000508c        0x0 obj/list.o
 .data          0x00000000c000508c        0x0 obj/memory.o
 .data          0x00000000c000508c        0x0 obj/thread.o
 .data          0x00000000c000508c        0x0 obj/debug.o

.data1
 *(.data1)
                0x00000000c000508c                _edata = .
                [!provide]                        PROVIDE (edata, .)
                0x00000000c000508c                . = .
                0x00000000c000508c                __bss_start = .

.bss            0x00000000c00050a0      0x298
 *(.dynbss)
 *(.bss .bss.* .gnu.linkonce.b.*)
 .bss           0x00000000c00050a0        0x0 obj/main.o
 .bss           0x00000000c00050a0        0x0 obj/init.o
 .bss           0x00000000c00050a0        0x0 obj/bitmap.o
 .bss           0x00000000c00050a0        0x0 obj/string.o
 .bss           0x00000000c00050a0      0x108 obj/interrupt.o
 .bss           0x00000000c00051a8        0x0 obj/timer.o
 .bss           0x00000000c00051a8        0x0 obj/list.o
 .bss           0x00000000c00051a8        0x0 obj/memory.o
 .bss           0x00000000c00051a8        0x4 obj/thread.o
 .bss           0x00000000c00051ac        0x0 obj/debug.o
 *(COMMON)
 *fill*         0x00000000c00051ac       0x14 
 COMMON         0x00000000c00051c0      0x124 obj/interrupt.o
                0x00000000c00051c0                intr_name
                0x00000000c0005260                idt_table
 COMMON         0x00000000c00052e4        0x4 obj/timer.o
                0x00000000c00052e4                ticks
 COMMON         0x00000000c00052e8       0x2c obj/memory.o
                0x00000000c00052e8                user_pool
                0x00000000c00052f8                kernel_vaddr
                0x00000000c0005304                kernel_pool
 COMMON         0x00000000c0005314       0x24 obj/thread.o
                0x00000000c0005314                thread_ready_list
                0x00000000c0005324                thread_all_list
                0x00000000c0005334                main_thread
                0x00000000c0005338                . = ALIGN ((. != 0x0)?0x4:0x1)
                0x00000000c0005338                . = ALIGN (0x4)
                0x00000000c0005338                . = SEGMENT_START ("ldata-segment", .)
                0x00000000c0005338                . = ALIGN (0x4)
                0x00000000c0005338                _end = .
                [!provide]                        PROVIDE (end, .)
                0x00000000c0005338                . = DATA_SEGMENT_END (.)

.stab
 *(.stab)

.stabstr
 *(.stabstr)

.stab.excl
 *(.stab.excl)

.stab.exclstr
 *(.stab.exclstr)

.stab.index
 *(.stab.index)

.stab.indexstr
 *(.stab.indexstr)

.comment        0x0000000000000000       0x2d
 *(.comment)
 .comment       0x0000000000000000       0x2d obj/main.o
                                         0x2e (size before relaxing)
 .comment       0x000000000000002d       0x2e obj/init.o
 .comment       0x000000000000002d       0x2e obj/bitmap.o
 .comment       0x000000000000002d       0x2e obj/string.o
 .comment       0x000000000000002d       0x2e obj/interrupt.o
 .comment       0x000000000000002d       0x2e obj/timer.o
 .comment       0x000000000000002d       0x2e obj/list.o
 .comment       0x000000000000002d       0x2e obj/memory.o
 .comment       0x000000000000002d       0x2e obj/thread.o
 .comment       0x000000000000002d       0x2e obj/debug.o

.debug
 *(.debug)

.line
 *(.line)

.debug_srcinfo
 *(.debug_srcinfo)

.debug_sfnames
 *(.debug_sfnames)

.debug_aranges
 *(.debug_aranges)

.debug_pubnames
 *(.debug_pubnames)

.debug_info
 *(.debug_info .gnu.linkonce.wi.*)

.debug_abbrev
 *(.debug_abbrev)

.debug_line
 *(.debug_line .debug_line.* .debug_line_end)

.debug_frame
 *(.debug_frame)

.debug_str
 *(.debug_str)

.debug_loc
 *(.debug_loc)

.debug_macinfo
 *(.debug_macinfo)

.debug_weaknames
 *(.debug_weaknames)

.debug_funcnames
 *(.debug_funcnames)

.debug_typenames
 *(.debug_typenames)

.debug_varnames
 *(.debug_varnames)

.debug_pubtypes
 *(.debug_pubtypes)

.debug_ranges
 *(.debug_ranges)

.debug_macro
 *(.debug_macro)

.gnu.attributes
 *(.gnu.attributes)

/DISCARD/
 *(.note.GNU-stack)
 *(.gnu_debuglink)
 *(.gnu.lto_*)
OUTPUT(obj/kernel.bin elf32-i386)
